[2025-01-17T05:47:21.116+0000][0.017s] Using G1
[2025-01-17T05:47:21.146+0000][0.047s] Version: 17.0.10+7 (release)
[2025-01-17T05:47:21.146+0000][0.047s] CPUs: 8 total, 8 available
[2025-01-17T05:47:21.146+0000][0.047s] Memory: 7709M
[2025-01-17T05:47:21.146+0000][0.047s] Large Page Support: Disabled
[2025-01-17T05:47:21.146+0000][0.047s] NUMA Support: Disabled
[2025-01-17T05:47:21.146+0000][0.047s] Compressed Oops: Enabled (32-bit)
[2025-01-17T05:47:21.146+0000][0.047s] Heap Region Size: 1M
[2025-01-17T05:47:21.147+0000][0.047s] Heap Min Capacity: 512M
[2025-01-17T05:47:21.147+0000][0.047s] Heap Initial Capacity: 512M
[2025-01-17T05:47:21.147+0000][0.047s] Heap Max Capacity: 512M
[2025-01-17T05:47:21.147+0000][0.047s] Pre-touch: Enabled
[2025-01-17T05:47:21.147+0000][0.047s] Parallel Workers: 8
[2025-01-17T05:47:21.147+0000][0.047s] Concurrent Workers: 2
[2025-01-17T05:47:21.147+0000][0.048s] Concurrent Refinement Workers: 8
[2025-01-17T05:47:21.147+0000][0.048s] Periodic GC: Disabled
[2025-01-17T05:47:21.151+0000][0.052s] CDS archive(s) mapped at: [0x00007fa007000000-0x00007fa007a5f000-0x00007fa007a5f000), size 10874880, SharedBaseAddress: 0x00007fa007000000, ArchiveRelocationMode: 1.
[2025-01-17T05:47:21.151+0000][0.052s] Compressed class space mapped at: 0x00007fa008000000-0x00007fa048000000, reserved size: 1073741824
[2025-01-17T05:47:21.151+0000][0.052s] Narrow klass base: 0x00007fa007000000, Narrow klass shift: 0, Narrow klass range: 0x100000000
[2025-01-17T05:47:21.664+0000][0.565s] GC(0) Pause Young (Normal) (G1 Evacuation Pause)
[2025-01-17T05:47:21.664+0000][0.565s] GC(0) Using 8 workers of 8 for evacuation
[2025-01-17T05:47:21.666+0000][0.567s] GC(0)   Pre Evacuate Collection Set: 0.1ms
[2025-01-17T05:47:21.666+0000][0.567s] GC(0)   Merge Heap Roots: 0.0ms
[2025-01-17T05:47:21.666+0000][0.567s] GC(0)   Evacuate Collection Set: 1.6ms
[2025-01-17T05:47:21.666+0000][0.567s] GC(0)   Post Evacuate Collection Set: 0.3ms
[2025-01-17T05:47:21.666+0000][0.567s] GC(0)   Other: 0.2ms
[2025-01-17T05:47:21.666+0000][0.567s] GC(0) Eden regions: 29->0(59)
[2025-01-17T05:47:21.666+0000][0.567s] GC(0) Survivor regions: 0->4(4)
[2025-01-17T05:47:21.666+0000][0.567s] GC(0) Old regions: 0->1
[2025-01-17T05:47:21.666+0000][0.567s] GC(0) Archive regions: 2->2
[2025-01-17T05:47:21.666+0000][0.567s] GC(0) Humongous regions: 0->0
[2025-01-17T05:47:21.666+0000][0.567s] GC(0) Metaspace: 9791K(10048K)->9791K(10048K) NonClass: 8582K(8704K)->8582K(8704K) Class: 1208K(1344K)->1208K(1344K)
[2025-01-17T05:47:21.667+0000][0.567s] GC(0) Pause Young (Normal) (G1 Evacuation Pause) 29M->5M(512M) 2.611ms
[2025-01-17T05:47:21.667+0000][0.567s] GC(0) User=0.01s Sys=0.00s Real=0.01s
[2025-01-17T05:47:22.088+0000][0.989s] GC(1) Pause Young (Normal) (G1 Evacuation Pause)
[2025-01-17T05:47:22.088+0000][0.989s] GC(1) Using 8 workers of 8 for evacuation
[2025-01-17T05:47:22.094+0000][0.995s] GC(1)   Pre Evacuate Collection Set: 0.1ms
[2025-01-17T05:47:22.095+0000][0.995s] GC(1)   Merge Heap Roots: 0.0ms
[2025-01-17T05:47:22.095+0000][0.995s] GC(1)   Evacuate Collection Set: 5.6ms
[2025-01-17T05:47:22.095+0000][0.995s] GC(1)   Post Evacuate Collection Set: 0.5ms
[2025-01-17T05:47:22.095+0000][0.995s] GC(1)   Other: 0.5ms
[2025-01-17T05:47:22.095+0000][0.995s] GC(1) Eden regions: 56->0(74)
[2025-01-17T05:47:22.095+0000][0.996s] GC(1) Survivor regions: 4->8(8)
[2025-01-17T05:47:22.095+0000][0.996s] GC(1) Old regions: 1->6
[2025-01-17T05:47:22.095+0000][0.996s] GC(1) Archive regions: 2->2
[2025-01-17T05:47:22.095+0000][0.996s] GC(1) Humongous regions: 4->4
[2025-01-17T05:47:22.095+0000][0.996s] GC(1) Metaspace: 17740K(17984K)->17740K(17984K) NonClass: 15546K(15680K)->15546K(15680K) Class: 2194K(2304K)->2194K(2304K)
[2025-01-17T05:47:22.095+0000][0.996s] GC(1) Pause Young (Normal) (G1 Evacuation Pause) 65M->18M(512M) 7.270ms
[2025-01-17T05:47:22.095+0000][0.996s] GC(1) User=0.05s Sys=0.00s Real=0.01s
[2025-01-17T05:47:22.336+0000][1.237s] GC(2) Pause Young (Normal) (G1 Evacuation Pause)
[2025-01-17T05:47:22.336+0000][1.237s] GC(2) Using 8 workers of 8 for evacuation
[2025-01-17T05:47:22.341+0000][1.241s] GC(2)   Pre Evacuate Collection Set: 0.1ms
[2025-01-17T05:47:22.341+0000][1.241s] GC(2)   Merge Heap Roots: 0.1ms
[2025-01-17T05:47:22.341+0000][1.242s] GC(2)   Evacuate Collection Set: 3.9ms
[2025-01-17T05:47:22.341+0000][1.242s] GC(2)   Post Evacuate Collection Set: 0.4ms
[2025-01-17T05:47:22.341+0000][1.242s] GC(2)   Other: 0.3ms
[2025-01-17T05:47:22.341+0000][1.242s] GC(2) Eden regions: 74->0(154)
[2025-01-17T05:47:22.341+0000][1.242s] GC(2) Survivor regions: 8->10(11)
[2025-01-17T05:47:22.341+0000][1.242s] GC(2) Old regions: 6->10
[2025-01-17T05:47:22.341+0000][1.242s] GC(2) Archive regions: 2->2
[2025-01-17T05:47:22.341+0000][1.242s] GC(2) Humongous regions: 5->5
[2025-01-17T05:47:22.341+0000][1.242s] GC(2) Metaspace: 21063K(21376K)->21063K(21376K) NonClass: 18476K(18624K)->18476K(18624K) Class: 2587K(2752K)->2587K(2752K)
[2025-01-17T05:47:22.341+0000][1.242s] GC(2) Pause Young (Normal) (G1 Evacuation Pause) 93M->25M(512M) 5.151ms
[2025-01-17T05:47:22.341+0000][1.242s] GC(2) User=0.01s Sys=0.00s Real=0.00s
[2025-01-17T05:47:22.353+0000][1.254s] GC(3) Pause Young (Concurrent Start) (Metadata GC Threshold)
[2025-01-17T05:47:22.353+0000][1.254s] GC(3) Using 8 workers of 8 for evacuation
[2025-01-17T05:47:22.356+0000][1.256s] GC(3)   Pre Evacuate Collection Set: 0.1ms
[2025-01-17T05:47:22.356+0000][1.257s] GC(3)   Merge Heap Roots: 0.0ms
[2025-01-17T05:47:22.356+0000][1.257s] GC(3)   Evacuate Collection Set: 2.0ms
[2025-01-17T05:47:22.356+0000][1.257s] GC(3)   Post Evacuate Collection Set: 0.2ms
[2025-01-17T05:47:22.356+0000][1.257s] GC(3)   Other: 0.3ms
[2025-01-17T05:47:22.356+0000][1.257s] GC(3) Eden regions: 3->0(66)
[2025-01-17T05:47:22.356+0000][1.257s] GC(3) Survivor regions: 10->11(21)
[2025-01-17T05:47:22.356+0000][1.257s] GC(3) Old regions: 10->10
[2025-01-17T05:47:22.356+0000][1.257s] GC(3) Archive regions: 2->2
[2025-01-17T05:47:22.356+0000][1.257s] GC(3) Humongous regions: 5->4
[2025-01-17T05:47:22.356+0000][1.257s] GC(3) Metaspace: 21184K(21504K)->21184K(21504K) NonClass: 18575K(18752K)->18575K(18752K) Class: 2609K(2752K)->2609K(2752K)
[2025-01-17T05:47:22.356+0000][1.257s] GC(3) Pause Young (Concurrent Start) (Metadata GC Threshold) 28M->25M(512M) 3.114ms
[2025-01-17T05:47:22.356+0000][1.257s] GC(3) User=0.01s Sys=0.00s Real=0.01s
[2025-01-17T05:47:22.356+0000][1.257s] GC(4) Concurrent Mark Cycle
[2025-01-17T05:47:22.356+0000][1.257s] GC(4) Concurrent Clear Claimed Marks
[2025-01-17T05:47:22.360+0000][1.260s] GC(4) Concurrent Clear Claimed Marks 3.382ms
[2025-01-17T05:47:22.360+0000][1.261s] GC(4) Concurrent Scan Root Regions
[2025-01-17T05:47:22.361+0000][1.262s] GC(4) Concurrent Scan Root Regions 1.644ms
[2025-01-17T05:47:22.362+0000][1.262s] GC(4) Concurrent Mark
[2025-01-17T05:47:22.362+0000][1.262s] GC(4) Concurrent Mark From Roots
[2025-01-17T05:47:22.362+0000][1.262s] GC(4) Using 2 workers of 2 for marking
[2025-01-17T05:47:22.368+0000][1.269s] GC(4) Concurrent Mark From Roots 6.363ms
[2025-01-17T05:47:22.368+0000][1.269s] GC(4) Concurrent Preclean
[2025-01-17T05:47:22.368+0000][1.269s] GC(4) Concurrent Preclean 0.098ms
[2025-01-17T05:47:22.369+0000][1.269s] GC(4) Pause Remark
[2025-01-17T05:47:22.370+0000][1.271s] GC(4) Pause Remark 26M->26M(512M) 1.367ms
[2025-01-17T05:47:22.370+0000][1.271s] GC(4) User=0.00s Sys=0.00s Real=0.00s
[2025-01-17T05:47:22.370+0000][1.271s] GC(4) Concurrent Mark 8.694ms
[2025-01-17T05:47:22.370+0000][1.271s] GC(4) Concurrent Rebuild Remembered Sets
[2025-01-17T05:47:22.373+0000][1.274s] GC(4) Concurrent Rebuild Remembered Sets 2.582ms
[2025-01-17T05:47:22.374+0000][1.274s] GC(4) Pause Cleanup
[2025-01-17T05:47:22.374+0000][1.275s] GC(4) Pause Cleanup 27M->27M(512M) 0.211ms
[2025-01-17T05:47:22.374+0000][1.275s] GC(4) User=0.00s Sys=0.00s Real=0.00s
[2025-01-17T05:47:22.374+0000][1.275s] GC(4) Concurrent Cleanup for Next Mark
[2025-01-17T05:47:22.374+0000][1.275s] GC(4) Concurrent Cleanup for Next Mark 0.377ms
[2025-01-17T05:47:22.374+0000][1.275s] GC(4) Concurrent Mark Cycle 18.237ms
[2025-01-17T05:47:22.995+0000][1.895s] GC(5) Pause Young (Normal) (G1 Evacuation Pause)
[2025-01-17T05:47:22.995+0000][1.896s] GC(5) Using 8 workers of 8 for evacuation
[2025-01-17T05:47:23.002+0000][1.903s] GC(5)   Pre Evacuate Collection Set: 0.1ms
[2025-01-17T05:47:23.002+0000][1.903s] GC(5)   Merge Heap Roots: 0.1ms
[2025-01-17T05:47:23.002+0000][1.903s] GC(5)   Evacuate Collection Set: 5.9ms
[2025-01-17T05:47:23.002+0000][1.903s] GC(5)   Post Evacuate Collection Set: 0.8ms
[2025-01-17T05:47:23.002+0000][1.903s] GC(5)   Other: 0.5ms
[2025-01-17T05:47:23.002+0000][1.903s] GC(5) Eden regions: 73->0(129)
[2025-01-17T05:47:23.002+0000][1.903s] GC(5) Survivor regions: 11->10(11)
[2025-01-17T05:47:23.002+0000][1.903s] GC(5) Old regions: 10->15
[2025-01-17T05:47:23.002+0000][1.903s] GC(5) Archive regions: 2->2
[2025-01-17T05:47:23.003+0000][1.903s] GC(5) Humongous regions: 4->4
[2025-01-17T05:47:23.003+0000][1.903s] GC(5) Metaspace: 32781K(33216K)->32781K(33216K) NonClass: 28716K(28928K)->28716K(28928K) Class: 4065K(4288K)->4065K(4288K)
[2025-01-17T05:47:23.003+0000][1.904s] GC(5) Pause Young (Normal) (G1 Evacuation Pause) 98M->29M(512M) 8.202ms
[2025-01-17T05:47:23.003+0000][1.904s] GC(5) User=0.03s Sys=0.00s Real=0.01s
[2025-01-17T05:47:23.193+0000][2.094s] GC(6) Pause Young (Concurrent Start) (Metadata GC Threshold)
[2025-01-17T05:47:23.193+0000][2.094s] GC(6) Using 8 workers of 8 for evacuation
[2025-01-17T05:47:23.197+0000][2.098s] GC(6)   Pre Evacuate Collection Set: 0.1ms
[2025-01-17T05:47:23.197+0000][2.098s] GC(6)   Merge Heap Roots: 0.0ms
[2025-01-17T05:47:23.197+0000][2.098s] GC(6)   Evacuate Collection Set: 3.2ms
[2025-01-17T05:47:23.197+0000][2.098s] GC(6)   Post Evacuate Collection Set: 0.4ms
[2025-01-17T05:47:23.197+0000][2.098s] GC(6)   Other: 0.4ms
[2025-01-17T05:47:23.197+0000][2.098s] GC(6) Eden regions: 25->0(196)
[2025-01-17T05:47:23.197+0000][2.098s] GC(6) Survivor regions: 10->8(18)
[2025-01-17T05:47:23.197+0000][2.098s] GC(6) Old regions: 15->19
[2025-01-17T05:47:23.197+0000][2.098s] GC(6) Archive regions: 2->2
[2025-01-17T05:47:23.197+0000][2.098s] GC(6) Humongous regions: 4->4
[2025-01-17T05:47:23.197+0000][2.098s] GC(6) Metaspace: 35897K(36288K)->35897K(36288K) NonClass: 31419K(31616K)->31419K(31616K) Class: 4477K(4672K)->4477K(4672K)
[2025-01-17T05:47:23.197+0000][2.098s] GC(6) Pause Young (Concurrent Start) (Metadata GC Threshold) 54M->31M(512M) 4.601ms
[2025-01-17T05:47:23.197+0000][2.098s] GC(6) User=0.02s Sys=0.00s Real=0.01s
[2025-01-17T05:47:23.197+0000][2.098s] GC(7) Concurrent Mark Cycle
[2025-01-17T05:47:23.198+0000][2.098s] GC(7) Concurrent Clear Claimed Marks
[2025-01-17T05:47:23.198+0000][2.098s] GC(7) Concurrent Clear Claimed Marks 0.084ms
[2025-01-17T05:47:23.198+0000][2.098s] GC(7) Concurrent Scan Root Regions
[2025-01-17T05:47:23.200+0000][2.101s] GC(7) Concurrent Scan Root Regions 2.753ms
[2025-01-17T05:47:23.201+0000][2.102s] GC(7) Concurrent Mark
[2025-01-17T05:47:23.201+0000][2.102s] GC(7) Concurrent Mark From Roots
[2025-01-17T05:47:23.201+0000][2.102s] GC(7) Using 2 workers of 2 for marking
[2025-01-17T05:47:23.215+0000][2.116s] GC(7) Concurrent Mark From Roots 13.729ms
[2025-01-17T05:47:23.215+0000][2.116s] GC(7) Concurrent Preclean
[2025-01-17T05:47:23.216+0000][2.116s] GC(7) Concurrent Preclean 0.341ms
[2025-01-17T05:47:23.217+0000][2.117s] GC(7) Pause Remark
[2025-01-17T05:47:23.219+0000][2.120s] GC(7) Pause Remark 33M->33M(512M) 2.082ms
[2025-01-17T05:47:23.219+0000][2.120s] GC(7) User=0.01s Sys=0.00s Real=0.00s
[2025-01-17T05:47:23.219+0000][2.120s] GC(7) Concurrent Mark 18.122ms
[2025-01-17T05:47:23.221+0000][2.122s] GC(7) Concurrent Rebuild Remembered Sets
[2025-01-17T05:47:23.234+0000][2.135s] GC(7) Concurrent Rebuild Remembered Sets 13.000ms
[2025-01-17T05:47:23.237+0000][2.137s] GC(7) Pause Cleanup
[2025-01-17T05:47:23.237+0000][2.138s] GC(7) Pause Cleanup 35M->35M(512M) 0.248ms
[2025-01-17T05:47:23.237+0000][2.138s] GC(7) User=0.00s Sys=0.00s Real=0.00s
[2025-01-17T05:47:23.238+0000][2.139s] GC(7) Concurrent Cleanup for Next Mark
[2025-01-17T05:47:23.241+0000][2.142s] GC(7) Concurrent Cleanup for Next Mark 3.051ms
[2025-01-17T05:47:23.244+0000][2.145s] GC(7) Concurrent Mark Cycle 46.520ms
[2025-01-17T05:48:24.802+0000][63.704s] Heap
[2025-01-17T05:48:24.803+0000][63.704s]  garbage-first heap   total 524288K, used 222581K [0x00000000e0000000, 0x0000000100000000)
[2025-01-17T05:48:24.803+0000][63.704s]   region size 1024K, 194 young (198656K), 8 survivors (8192K)
[2025-01-17T05:48:24.803+0000][63.704s]  Metaspace       used 52324K, committed 52800K, reserved 1114112K
[2025-01-17T05:48:24.803+0000][63.704s]   class space    used 6752K, committed 6976K, reserved 1048576K
