[2025-01-17T05:54:58.946+0000][0.010s] Using G1
[2025-01-17T05:54:58.973+0000][0.037s] Version: 17.0.10+7 (release)
[2025-01-17T05:54:58.974+0000][0.037s] CPUs: 8 total, 8 available
[2025-01-17T05:54:58.974+0000][0.037s] Memory: 7709M
[2025-01-17T05:54:58.974+0000][0.038s] Large Page Support: Disabled
[2025-01-17T05:54:58.974+0000][0.038s] NUMA Support: Disabled
[2025-01-17T05:54:58.974+0000][0.038s] Compressed Oops: Enabled (32-bit)
[2025-01-17T05:54:58.974+0000][0.038s] Heap Region Size: 1M
[2025-01-17T05:54:58.974+0000][0.038s] Heap Min Capacity: 512M
[2025-01-17T05:54:58.975+0000][0.038s] Heap Initial Capacity: 512M
[2025-01-17T05:54:58.975+0000][0.038s] Heap Max Capacity: 512M
[2025-01-17T05:54:58.975+0000][0.038s] Pre-touch: Enabled
[2025-01-17T05:54:58.975+0000][0.039s] Parallel Workers: 8
[2025-01-17T05:54:58.975+0000][0.039s] Concurrent Workers: 2
[2025-01-17T05:54:58.975+0000][0.039s] Concurrent Refinement Workers: 8
[2025-01-17T05:54:58.975+0000][0.039s] Periodic GC: Disabled
[2025-01-17T05:54:58.979+0000][0.043s] CDS archive(s) mapped at: [0x00007f812b000000-0x00007f812ba5f000-0x00007f812ba5f000), size 10874880, SharedBaseAddress: 0x00007f812b000000, ArchiveRelocationMode: 1.
[2025-01-17T05:54:58.979+0000][0.043s] Compressed class space mapped at: 0x00007f812c000000-0x00007f816c000000, reserved size: 1073741824
[2025-01-17T05:54:58.980+0000][0.044s] Narrow klass base: 0x00007f812b000000, Narrow klass shift: 0, Narrow klass range: 0x100000000
[2025-01-17T05:54:59.442+0000][0.506s] GC(0) Pause Young (Normal) (G1 Evacuation Pause)
[2025-01-17T05:54:59.443+0000][0.506s] GC(0) Using 8 workers of 8 for evacuation
[2025-01-17T05:54:59.445+0000][0.509s] GC(0)   Pre Evacuate Collection Set: 0.1ms
[2025-01-17T05:54:59.445+0000][0.509s] GC(0)   Merge Heap Roots: 0.0ms
[2025-01-17T05:54:59.445+0000][0.509s] GC(0)   Evacuate Collection Set: 1.9ms
[2025-01-17T05:54:59.445+0000][0.509s] GC(0)   Post Evacuate Collection Set: 0.3ms
[2025-01-17T05:54:59.445+0000][0.509s] GC(0)   Other: 0.3ms
[2025-01-17T05:54:59.445+0000][0.509s] GC(0) Eden regions: 29->0(59)
[2025-01-17T05:54:59.445+0000][0.509s] GC(0) Survivor regions: 0->4(4)
[2025-01-17T05:54:59.445+0000][0.509s] GC(0) Old regions: 0->1
[2025-01-17T05:54:59.445+0000][0.509s] GC(0) Archive regions: 2->2
[2025-01-17T05:54:59.445+0000][0.509s] GC(0) Humongous regions: 0->0
[2025-01-17T05:54:59.445+0000][0.509s] GC(0) Metaspace: 9760K(10048K)->9760K(10048K) NonClass: 8551K(8704K)->8551K(8704K) Class: 1208K(1344K)->1208K(1344K)
[2025-01-17T05:54:59.446+0000][0.509s] GC(0) Pause Young (Normal) (G1 Evacuation Pause) 29M->4M(512M) 3.095ms
[2025-01-17T05:54:59.446+0000][0.509s] GC(0) User=0.01s Sys=0.00s Real=0.01s
[2025-01-17T05:54:59.846+0000][0.910s] GC(1) Pause Young (Normal) (G1 Evacuation Pause)
[2025-01-17T05:54:59.847+0000][0.910s] GC(1) Using 8 workers of 8 for evacuation
[2025-01-17T05:54:59.852+0000][0.916s] GC(1)   Pre Evacuate Collection Set: 0.1ms
[2025-01-17T05:54:59.852+0000][0.916s] GC(1)   Merge Heap Roots: 0.1ms
[2025-01-17T05:54:59.852+0000][0.916s] GC(1)   Evacuate Collection Set: 4.4ms
[2025-01-17T05:54:59.852+0000][0.916s] GC(1)   Post Evacuate Collection Set: 0.5ms
[2025-01-17T05:54:59.852+0000][0.916s] GC(1)   Other: 0.4ms
[2025-01-17T05:54:59.852+0000][0.916s] GC(1) Eden regions: 59->0(77)
[2025-01-17T05:54:59.852+0000][0.916s] GC(1) Survivor regions: 4->8(8)
[2025-01-17T05:54:59.852+0000][0.916s] GC(1) Old regions: 1->7
[2025-01-17T05:54:59.852+0000][0.916s] GC(1) Archive regions: 2->2
[2025-01-17T05:54:59.852+0000][0.916s] GC(1) Humongous regions: 4->4
[2025-01-17T05:54:59.852+0000][0.916s] GC(1) Metaspace: 17690K(17920K)->17690K(17920K) NonClass: 15496K(15616K)->15496K(15616K) Class: 2194K(2304K)->2194K(2304K)
[2025-01-17T05:54:59.853+0000][0.916s] GC(1) Pause Young (Normal) (G1 Evacuation Pause) 67M->19M(512M) 6.043ms
[2025-01-17T05:54:59.853+0000][0.916s] GC(1) User=0.03s Sys=0.00s Real=0.00s
[2025-01-17T05:55:00.109+0000][1.173s] GC(2) Pause Young (Concurrent Start) (Metadata GC Threshold)
[2025-01-17T05:55:00.110+0000][1.173s] GC(2) Using 8 workers of 8 for evacuation
[2025-01-17T05:55:00.115+0000][1.178s] GC(2)   Pre Evacuate Collection Set: 0.2ms
[2025-01-17T05:55:00.115+0000][1.178s] GC(2)   Merge Heap Roots: 0.1ms
[2025-01-17T05:55:00.115+0000][1.178s] GC(2)   Evacuate Collection Set: 4.1ms
[2025-01-17T05:55:00.115+0000][1.178s] GC(2)   Post Evacuate Collection Set: 0.4ms
[2025-01-17T05:55:00.115+0000][1.178s] GC(2)   Other: 0.5ms
[2025-01-17T05:55:00.115+0000][1.178s] GC(2) Eden regions: 74->0(197)
[2025-01-17T05:55:00.115+0000][1.179s] GC(2) Survivor regions: 8->11(11)
[2025-01-17T05:55:00.115+0000][1.179s] GC(2) Old regions: 7->10
[2025-01-17T05:55:00.115+0000][1.179s] GC(2) Archive regions: 2->2
[2025-01-17T05:55:00.115+0000][1.179s] GC(2) Humongous regions: 5->4
[2025-01-17T05:55:00.115+0000][1.179s] GC(2) Metaspace: 21225K(21504K)->21225K(21504K) NonClass: 18593K(18752K)->18593K(18752K) Class: 2631K(2752K)->2631K(2752K)
[2025-01-17T05:55:00.115+0000][1.179s] GC(2) Pause Young (Concurrent Start) (Metadata GC Threshold) 94M->24M(512M) 6.134ms
[2025-01-17T05:55:00.115+0000][1.179s] GC(2) User=0.03s Sys=0.00s Real=0.01s
[2025-01-17T05:55:00.116+0000][1.179s] GC(3) Concurrent Mark Cycle
[2025-01-17T05:55:00.116+0000][1.180s] GC(3) Concurrent Clear Claimed Marks
[2025-01-17T05:55:00.117+0000][1.180s] GC(3) Concurrent Clear Claimed Marks 0.164ms
[2025-01-17T05:55:00.117+0000][1.180s] GC(3) Concurrent Scan Root Regions
[2025-01-17T05:55:00.119+0000][1.183s] GC(3) Concurrent Scan Root Regions 2.632ms
[2025-01-17T05:55:00.119+0000][1.183s] GC(3) Concurrent Mark
[2025-01-17T05:55:00.119+0000][1.183s] GC(3) Concurrent Mark From Roots
[2025-01-17T05:55:00.120+0000][1.183s] GC(3) Using 2 workers of 2 for marking
[2025-01-17T05:55:00.125+0000][1.189s] GC(3) Concurrent Mark From Roots 5.673ms
[2025-01-17T05:55:00.125+0000][1.189s] GC(3) Concurrent Preclean
[2025-01-17T05:55:00.125+0000][1.189s] GC(3) Concurrent Preclean 0.105ms
[2025-01-17T05:55:00.126+0000][1.190s] GC(3) Pause Remark
[2025-01-17T05:55:00.128+0000][1.192s] GC(3) Pause Remark 26M->26M(512M) 1.754ms
[2025-01-17T05:55:00.128+0000][1.192s] GC(3) User=0.01s Sys=0.00s Real=0.00s
[2025-01-17T05:55:00.128+0000][1.192s] GC(3) Concurrent Mark 9.072ms
[2025-01-17T05:55:00.129+0000][1.192s] GC(3) Concurrent Rebuild Remembered Sets
[2025-01-17T05:55:00.132+0000][1.196s] GC(3) Concurrent Rebuild Remembered Sets 3.363ms
[2025-01-17T05:55:00.132+0000][1.196s] GC(3) Pause Cleanup
[2025-01-17T05:55:00.133+0000][1.196s] GC(3) Pause Cleanup 26M->26M(512M) 0.249ms
[2025-01-17T05:55:00.133+0000][1.196s] GC(3) User=0.00s Sys=0.00s Real=0.00s
[2025-01-17T05:55:00.133+0000][1.196s] GC(3) Concurrent Cleanup for Next Mark
[2025-01-17T05:55:00.134+0000][1.197s] GC(3) Concurrent Cleanup for Next Mark 0.796ms
[2025-01-17T05:55:00.134+0000][1.197s] GC(3) Concurrent Mark Cycle 18.127ms
[2025-01-17T05:55:01.040+0000][2.104s] GC(4) Pause Young (Concurrent Start) (Metadata GC Threshold)
[2025-01-17T05:55:01.041+0000][2.104s] GC(4) Using 8 workers of 8 for evacuation
[2025-01-17T05:55:01.046+0000][2.109s] GC(4)   Pre Evacuate Collection Set: 0.1ms
[2025-01-17T05:55:01.046+0000][2.110s] GC(4)   Merge Heap Roots: 0.1ms
[2025-01-17T05:55:01.046+0000][2.110s] GC(4)   Evacuate Collection Set: 4.2ms
[2025-01-17T05:55:01.046+0000][2.110s] GC(4)   Post Evacuate Collection Set: 0.6ms
[2025-01-17T05:55:01.046+0000][2.110s] GC(4)   Other: 0.4ms
[2025-01-17T05:55:01.046+0000][2.110s] GC(4) Eden regions: 103->0(290)
[2025-01-17T05:55:01.046+0000][2.110s] GC(4) Survivor regions: 11->17(26)
[2025-01-17T05:55:01.046+0000][2.110s] GC(4) Old regions: 10->10
[2025-01-17T05:55:01.046+0000][2.110s] GC(4) Archive regions: 2->2
[2025-01-17T05:55:01.046+0000][2.110s] GC(4) Humongous regions: 4->4
[2025-01-17T05:55:01.046+0000][2.110s] GC(4) Metaspace: 35785K(36160K)->35785K(36160K) NonClass: 31322K(31488K)->31322K(31488K) Class: 4462K(4672K)->4462K(4672K)
[2025-01-17T05:55:01.046+0000][2.110s] GC(4) Pause Young (Concurrent Start) (Metadata GC Threshold) 127M->30M(512M) 6.015ms
[2025-01-17T05:55:01.047+0000][2.110s] GC(4) User=0.03s Sys=0.00s Real=0.01s
[2025-01-17T05:55:01.047+0000][2.110s] GC(5) Concurrent Mark Cycle
[2025-01-17T05:55:01.047+0000][2.111s] GC(5) Concurrent Clear Claimed Marks
[2025-01-17T05:55:01.047+0000][2.111s] GC(5) Concurrent Clear Claimed Marks 0.142ms
[2025-01-17T05:55:01.047+0000][2.111s] GC(5) Concurrent Scan Root Regions
[2025-01-17T05:55:01.051+0000][2.114s] GC(5) Concurrent Scan Root Regions 3.273ms
[2025-01-17T05:55:01.051+0000][2.115s] GC(5) Concurrent Mark
[2025-01-17T05:55:01.051+0000][2.115s] GC(5) Concurrent Mark From Roots
[2025-01-17T05:55:01.051+0000][2.115s] GC(5) Using 2 workers of 2 for marking
[2025-01-17T05:55:01.061+0000][2.125s] GC(5) Concurrent Mark From Roots 9.876ms
[2025-01-17T05:55:01.061+0000][2.125s] GC(5) Concurrent Preclean
[2025-01-17T05:55:01.061+0000][2.125s] GC(5) Concurrent Preclean 0.136ms
[2025-01-17T05:55:01.062+0000][2.126s] GC(5) Pause Remark
[2025-01-17T05:55:01.065+0000][2.129s] GC(5) Pause Remark 33M->33M(512M) 2.794ms
[2025-01-17T05:55:01.066+0000][2.130s] GC(5) User=0.02s Sys=0.00s Real=0.01s
[2025-01-17T05:55:01.066+0000][2.130s] GC(5) Concurrent Mark 15.061ms
[2025-01-17T05:55:01.066+0000][2.130s] GC(5) Concurrent Rebuild Remembered Sets
[2025-01-17T05:55:01.070+0000][2.134s] GC(5) Concurrent Rebuild Remembered Sets 3.928ms
[2025-01-17T05:55:01.072+0000][2.136s] GC(5) Pause Cleanup
[2025-01-17T05:55:01.072+0000][2.136s] GC(5) Pause Cleanup 33M->33M(512M) 0.204ms
[2025-01-17T05:55:01.073+0000][2.136s] GC(5) User=0.00s Sys=0.00s Real=0.00s
[2025-01-17T05:55:01.073+0000][2.136s] GC(5) Concurrent Cleanup for Next Mark
[2025-01-17T05:55:01.073+0000][2.137s] GC(5) Concurrent Cleanup for Next Mark 0.503ms
[2025-01-17T05:55:01.073+0000][2.137s] GC(5) Concurrent Mark Cycle 26.654ms
[2025-01-17T06:17:30.422+0000][1352.275s] Heap
[2025-01-17T06:17:30.422+0000][1352.275s]  garbage-first heap   total 524288K, used 233620K [0x00000000e0000000, 0x0000000100000000)
[2025-01-17T06:17:30.422+0000][1352.276s]   region size 1024K, 215 young (220160K), 17 survivors (17408K)
[2025-01-17T06:17:30.422+0000][1352.276s]  Metaspace       used 52542K, committed 52992K, reserved 1114112K
[2025-01-17T06:17:30.422+0000][1352.276s]   class space    used 6767K, committed 6976K, reserved 1048576K
