[2025-01-17T06:27:27.214+0000][0.023s] Using G1
[2025-01-17T06:27:27.321+0000][0.131s] Version: 17.0.10+7 (release)
[2025-01-17T06:27:27.321+0000][0.131s] CPUs: 8 total, 8 available
[2025-01-17T06:27:27.322+0000][0.131s] Memory: 7709M
[2025-01-17T06:27:27.322+0000][0.131s] Large Page Support: Disabled
[2025-01-17T06:27:27.322+0000][0.131s] NUMA Support: Disabled
[2025-01-17T06:27:27.322+0000][0.131s] Compressed Oops: Enabled (32-bit)
[2025-01-17T06:27:27.322+0000][0.131s] Heap Region Size: 1M
[2025-01-17T06:27:27.322+0000][0.131s] Heap Min Capacity: 512M
[2025-01-17T06:27:27.322+0000][0.132s] Heap Initial Capacity: 512M
[2025-01-17T06:27:27.322+0000][0.132s] Heap Max Capacity: 512M
[2025-01-17T06:27:27.322+0000][0.132s] Pre-touch: Enabled
[2025-01-17T06:27:27.322+0000][0.132s] Parallel Workers: 8
[2025-01-17T06:27:27.322+0000][0.132s] Concurrent Workers: 2
[2025-01-17T06:27:27.323+0000][0.132s] Concurrent Refinement Workers: 8
[2025-01-17T06:27:27.323+0000][0.132s] Periodic GC: Disabled
[2025-01-17T06:27:27.331+0000][0.140s] CDS archive(s) mapped at: [0x00007f966f000000-0x00007f966fa5f000-0x00007f966fa5f000), size 10874880, SharedBaseAddress: 0x00007f966f000000, ArchiveRelocationMode: 1.
[2025-01-17T06:27:27.331+0000][0.141s] Compressed class space mapped at: 0x00007f9670000000-0x00007f96b0000000, reserved size: 1073741824
[2025-01-17T06:27:27.331+0000][0.141s] Narrow klass base: 0x00007f966f000000, Narrow klass shift: 0, Narrow klass range: 0x100000000
[2025-01-17T06:27:27.805+0000][0.614s] GC(0) Pause Young (Normal) (G1 Evacuation Pause)
[2025-01-17T06:27:27.805+0000][0.614s] GC(0) Using 8 workers of 8 for evacuation
[2025-01-17T06:27:27.807+0000][0.616s] GC(0)   Pre Evacuate Collection Set: 0.1ms
[2025-01-17T06:27:27.807+0000][0.616s] GC(0)   Merge Heap Roots: 0.1ms
[2025-01-17T06:27:27.807+0000][0.616s] GC(0)   Evacuate Collection Set: 1.5ms
[2025-01-17T06:27:27.807+0000][0.616s] GC(0)   Post Evacuate Collection Set: 0.3ms
[2025-01-17T06:27:27.807+0000][0.616s] GC(0)   Other: 0.2ms
[2025-01-17T06:27:27.807+0000][0.616s] GC(0) Eden regions: 29->0(59)
[2025-01-17T06:27:27.807+0000][0.616s] GC(0) Survivor regions: 0->4(4)
[2025-01-17T06:27:27.807+0000][0.616s] GC(0) Old regions: 0->1
[2025-01-17T06:27:27.807+0000][0.617s] GC(0) Archive regions: 2->2
[2025-01-17T06:27:27.807+0000][0.617s] GC(0) Humongous regions: 0->0
[2025-01-17T06:27:27.807+0000][0.617s] GC(0) Metaspace: 9784K(10048K)->9784K(10048K) NonClass: 8575K(8704K)->8575K(8704K) Class: 1208K(1344K)->1208K(1344K)
[2025-01-17T06:27:27.807+0000][0.617s] GC(0) Pause Young (Normal) (G1 Evacuation Pause) 29M->4M(512M) 2.600ms
[2025-01-17T06:27:27.807+0000][0.617s] GC(0) User=0.01s Sys=0.00s Real=0.00s
[2025-01-17T06:27:28.190+0000][0.999s] GC(1) Pause Young (Normal) (G1 Evacuation Pause)
[2025-01-17T06:27:28.194+0000][1.003s] GC(1) Using 8 workers of 8 for evacuation
[2025-01-17T06:27:28.199+0000][1.008s] GC(1)   Pre Evacuate Collection Set: 0.1ms
[2025-01-17T06:27:28.199+0000][1.009s] GC(1)   Merge Heap Roots: 0.1ms
[2025-01-17T06:27:28.199+0000][1.009s] GC(1)   Evacuate Collection Set: 4.7ms
[2025-01-17T06:27:28.199+0000][1.009s] GC(1)   Post Evacuate Collection Set: 0.5ms
[2025-01-17T06:27:28.199+0000][1.009s] GC(1)   Other: 4.1ms
[2025-01-17T06:27:28.199+0000][1.009s] GC(1) Eden regions: 59->0(76)
[2025-01-17T06:27:28.199+0000][1.009s] GC(1) Survivor regions: 4->8(8)
[2025-01-17T06:27:28.199+0000][1.009s] GC(1) Old regions: 1->7
[2025-01-17T06:27:28.199+0000][1.009s] GC(1) Archive regions: 2->2
[2025-01-17T06:27:28.199+0000][1.009s] GC(1) Humongous regions: 4->4
[2025-01-17T06:27:28.200+0000][1.009s] GC(1) Metaspace: 17695K(17984K)->17695K(17984K) NonClass: 15501K(15680K)->15501K(15680K) Class: 2194K(2304K)->2194K(2304K)
[2025-01-17T06:27:28.200+0000][1.009s] GC(1) Pause Young (Normal) (G1 Evacuation Pause) 67M->19M(512M) 9.922ms
[2025-01-17T06:27:28.200+0000][1.009s] GC(1) User=0.03s Sys=0.00s Real=0.01s
[2025-01-17T06:27:28.466+0000][1.276s] GC(2) Pause Young (Concurrent Start) (Metadata GC Threshold)
[2025-01-17T06:27:28.467+0000][1.276s] GC(2) Using 8 workers of 8 for evacuation
[2025-01-17T06:27:28.472+0000][1.281s] GC(2)   Pre Evacuate Collection Set: 0.1ms
[2025-01-17T06:27:28.472+0000][1.281s] GC(2)   Merge Heap Roots: 0.1ms
[2025-01-17T06:27:28.472+0000][1.281s] GC(2)   Evacuate Collection Set: 4.2ms
[2025-01-17T06:27:28.472+0000][1.281s] GC(2)   Post Evacuate Collection Set: 0.5ms
[2025-01-17T06:27:28.472+0000][1.281s] GC(2)   Other: 0.5ms
[2025-01-17T06:27:28.472+0000][1.281s] GC(2) Eden regions: 74->0(114)
[2025-01-17T06:27:28.472+0000][1.281s] GC(2) Survivor regions: 8->6(11)
[2025-01-17T06:27:28.472+0000][1.281s] GC(2) Old regions: 7->15
[2025-01-17T06:27:28.472+0000][1.281s] GC(2) Archive regions: 2->2
[2025-01-17T06:27:28.472+0000][1.281s] GC(2) Humongous regions: 5->4
[2025-01-17T06:27:28.472+0000][1.281s] GC(2) Metaspace: 21227K(21504K)->21227K(21504K) NonClass: 18596K(18752K)->18596K(18752K) Class: 2631K(2752K)->2631K(2752K)
[2025-01-17T06:27:28.472+0000][1.282s] GC(2) Pause Young (Concurrent Start) (Metadata GC Threshold) 94M->24M(512M) 5.753ms
[2025-01-17T06:27:28.472+0000][1.282s] GC(2) User=0.03s Sys=0.00s Real=0.00s
[2025-01-17T06:27:28.472+0000][1.282s] GC(3) Concurrent Mark Cycle
[2025-01-17T06:27:28.472+0000][1.282s] GC(3) Concurrent Clear Claimed Marks
[2025-01-17T06:27:28.473+0000][1.282s] GC(3) Concurrent Clear Claimed Marks 0.124ms
[2025-01-17T06:27:28.473+0000][1.282s] GC(3) Concurrent Scan Root Regions
[2025-01-17T06:27:28.476+0000][1.285s] GC(3) Concurrent Scan Root Regions 3.083ms
[2025-01-17T06:27:28.476+0000][1.285s] GC(3) Concurrent Mark
[2025-01-17T06:27:28.476+0000][1.285s] GC(3) Concurrent Mark From Roots
[2025-01-17T06:27:28.476+0000][1.285s] GC(3) Using 2 workers of 2 for marking
[2025-01-17T06:27:28.484+0000][1.293s] GC(3) Concurrent Mark From Roots 7.921ms
[2025-01-17T06:27:28.484+0000][1.293s] GC(3) Concurrent Preclean
[2025-01-17T06:27:28.484+0000][1.294s] GC(3) Concurrent Preclean 0.112ms
[2025-01-17T06:27:28.485+0000][1.294s] GC(3) Pause Remark
[2025-01-17T06:27:28.486+0000][1.296s] GC(3) Pause Remark 26M->26M(512M) 1.560ms
[2025-01-17T06:27:28.486+0000][1.296s] GC(3) User=0.01s Sys=0.00s Real=0.00s
[2025-01-17T06:27:28.486+0000][1.296s] GC(3) Concurrent Mark 10.425ms
[2025-01-17T06:27:28.487+0000][1.296s] GC(3) Concurrent Rebuild Remembered Sets
[2025-01-17T06:27:28.492+0000][1.301s] GC(3) Concurrent Rebuild Remembered Sets 5.470ms
[2025-01-17T06:27:28.492+0000][1.302s] GC(3) Pause Cleanup
[2025-01-17T06:27:28.493+0000][1.302s] GC(3) Pause Cleanup 27M->27M(512M) 0.408ms
[2025-01-17T06:27:28.493+0000][1.302s] GC(3) User=0.00s Sys=0.00s Real=0.01s
[2025-01-17T06:27:28.493+0000][1.302s] GC(3) Concurrent Cleanup for Next Mark
[2025-01-17T06:27:28.493+0000][1.303s] GC(3) Concurrent Cleanup for Next Mark 0.464ms
[2025-01-17T06:27:28.494+0000][1.303s] GC(3) Concurrent Mark Cycle 21.243ms
[2025-01-17T06:27:29.370+0000][2.179s] GC(4) Pause Young (Concurrent Start) (Metadata GC Threshold)
[2025-01-17T06:27:29.370+0000][2.179s] GC(4) Using 8 workers of 8 for evacuation
[2025-01-17T06:27:29.380+0000][2.189s] GC(4)   Pre Evacuate Collection Set: 0.1ms
[2025-01-17T06:27:29.380+0000][2.189s] GC(4)   Merge Heap Roots: 0.1ms
[2025-01-17T06:27:29.380+0000][2.189s] GC(4)   Evacuate Collection Set: 8.9ms
[2025-01-17T06:27:29.380+0000][2.189s] GC(4)   Post Evacuate Collection Set: 0.5ms
[2025-01-17T06:27:29.380+0000][2.189s] GC(4)   Other: 0.4ms
[2025-01-17T06:27:29.380+0000][2.189s] GC(4) Eden regions: 99->0(296)
[2025-01-17T06:27:29.380+0000][2.189s] GC(4) Survivor regions: 6->11(15)
[2025-01-17T06:27:29.380+0000][2.189s] GC(4) Old regions: 15->15
[2025-01-17T06:27:29.380+0000][2.189s] GC(4) Archive regions: 2->2
[2025-01-17T06:27:29.380+0000][2.189s] GC(4) Humongous regions: 4->4
[2025-01-17T06:27:29.380+0000][2.189s] GC(4) Metaspace: 35943K(36288K)->35943K(36288K) NonClass: 31443K(31616K)->31443K(31616K) Class: 4500K(4672K)->4500K(4672K)
[2025-01-17T06:27:29.380+0000][2.189s] GC(4) Pause Young (Concurrent Start) (Metadata GC Threshold) 123M->30M(512M) 10.454ms
[2025-01-17T06:27:29.380+0000][2.190s] GC(4) User=0.04s Sys=0.00s Real=0.01s
[2025-01-17T06:27:29.380+0000][2.190s] GC(5) Concurrent Mark Cycle
[2025-01-17T06:27:29.380+0000][2.190s] GC(5) Concurrent Clear Claimed Marks
[2025-01-17T06:27:29.381+0000][2.190s] GC(5) Concurrent Clear Claimed Marks 0.596ms
[2025-01-17T06:27:29.381+0000][2.190s] GC(5) Concurrent Scan Root Regions
[2025-01-17T06:27:29.384+0000][2.193s] GC(5) Concurrent Scan Root Regions 2.617ms
[2025-01-17T06:27:29.384+0000][2.193s] GC(5) Concurrent Mark
[2025-01-17T06:27:29.384+0000][2.193s] GC(5) Concurrent Mark From Roots
[2025-01-17T06:27:29.384+0000][2.194s] GC(5) Using 2 workers of 2 for marking
[2025-01-17T06:27:29.401+0000][2.210s] GC(5) Concurrent Mark From Roots 16.472ms
[2025-01-17T06:27:29.401+0000][2.210s] GC(5) Concurrent Preclean
[2025-01-17T06:27:29.401+0000][2.210s] GC(5) Concurrent Preclean 0.171ms
[2025-01-17T06:27:29.409+0000][2.218s] GC(5) Pause Remark
[2025-01-17T06:27:29.411+0000][2.220s] GC(5) Pause Remark 33M->33M(512M) 2.003ms
[2025-01-17T06:27:29.411+0000][2.220s] GC(5) User=0.01s Sys=0.00s Real=0.00s
[2025-01-17T06:27:29.411+0000][2.220s] GC(5) Concurrent Mark 26.856ms
[2025-01-17T06:27:29.411+0000][2.220s] GC(5) Concurrent Rebuild Remembered Sets
[2025-01-17T06:27:29.416+0000][2.226s] GC(5) Concurrent Rebuild Remembered Sets 5.083ms
[2025-01-17T06:27:29.418+0000][2.227s] GC(5) Pause Cleanup
[2025-01-17T06:27:29.418+0000][2.227s] GC(5) Pause Cleanup 33M->33M(512M) 0.276ms
[2025-01-17T06:27:29.418+0000][2.227s] GC(5) User=0.00s Sys=0.00s Real=0.00s
[2025-01-17T06:27:29.419+0000][2.228s] GC(5) Concurrent Cleanup for Next Mark
[2025-01-17T06:27:29.419+0000][2.229s] GC(5) Concurrent Cleanup for Next Mark 0.484ms
[2025-01-17T06:27:29.419+0000][2.229s] GC(5) Concurrent Mark Cycle 39.235ms
[2025-01-17T06:31:02.073+0000][214.880s] Heap
[2025-01-17T06:31:02.074+0000][214.880s]  garbage-first heap   total 524288K, used 235662K [0x00000000e0000000, 0x0000000100000000)
[2025-01-17T06:31:02.074+0000][214.880s]   region size 1024K, 212 young (217088K), 11 survivors (11264K)
[2025-01-17T06:31:02.074+0000][214.880s]  Metaspace       used 53912K, committed 54400K, reserved 1114112K
[2025-01-17T06:31:02.074+0000][214.880s]   class space    used 6948K, committed 7168K, reserved 1048576K
