[2025-01-17T05:49:51.397+0000][0.010s] Using G1
[2025-01-17T05:49:51.426+0000][0.039s] Version: 17.0.10+7 (release)
[2025-01-17T05:49:51.426+0000][0.040s] CPUs: 8 total, 8 available
[2025-01-17T05:49:51.426+0000][0.040s] Memory: 7709M
[2025-01-17T05:49:51.426+0000][0.040s] Large Page Support: Disabled
[2025-01-17T05:49:51.426+0000][0.040s] NUMA Support: Disabled
[2025-01-17T05:49:51.426+0000][0.040s] Compressed Oops: Enabled (32-bit)
[2025-01-17T05:49:51.426+0000][0.040s] Heap Region Size: 1M
[2025-01-17T05:49:51.426+0000][0.040s] Heap Min Capacity: 512M
[2025-01-17T05:49:51.426+0000][0.040s] Heap Initial Capacity: 512M
[2025-01-17T05:49:51.426+0000][0.040s] Heap Max Capacity: 512M
[2025-01-17T05:49:51.427+0000][0.040s] Pre-touch: Enabled
[2025-01-17T05:49:51.427+0000][0.040s] Parallel Workers: 8
[2025-01-17T05:49:51.427+0000][0.040s] Concurrent Workers: 2
[2025-01-17T05:49:51.427+0000][0.040s] Concurrent Refinement Workers: 8
[2025-01-17T05:49:51.427+0000][0.040s] Periodic GC: Disabled
[2025-01-17T05:49:51.431+0000][0.044s] CDS archive(s) mapped at: [0x00007f4943000000-0x00007f4943a5f000-0x00007f4943a5f000), size 10874880, SharedBaseAddress: 0x00007f4943000000, ArchiveRelocationMode: 1.
[2025-01-17T05:49:51.431+0000][0.044s] Compressed class space mapped at: 0x00007f4944000000-0x00007f4984000000, reserved size: 1073741824
[2025-01-17T05:49:51.431+0000][0.044s] Narrow klass base: 0x00007f4943000000, Narrow klass shift: 0, Narrow klass range: 0x100000000
[2025-01-17T05:49:51.891+0000][0.504s] GC(0) Pause Young (Normal) (G1 Evacuation Pause)
[2025-01-17T05:49:51.891+0000][0.505s] GC(0) Using 8 workers of 8 for evacuation
[2025-01-17T05:49:51.893+0000][0.506s] GC(0)   Pre Evacuate Collection Set: 0.1ms
[2025-01-17T05:49:51.893+0000][0.507s] GC(0)   Merge Heap Roots: 0.0ms
[2025-01-17T05:49:51.893+0000][0.507s] GC(0)   Evacuate Collection Set: 1.5ms
[2025-01-17T05:49:51.893+0000][0.507s] GC(0)   Post Evacuate Collection Set: 0.3ms
[2025-01-17T05:49:51.893+0000][0.507s] GC(0)   Other: 0.2ms
[2025-01-17T05:49:51.893+0000][0.507s] GC(0) Eden regions: 29->0(59)
[2025-01-17T05:49:51.893+0000][0.507s] GC(0) Survivor regions: 0->4(4)
[2025-01-17T05:49:51.893+0000][0.507s] GC(0) Old regions: 0->1
[2025-01-17T05:49:51.893+0000][0.507s] GC(0) Archive regions: 2->2
[2025-01-17T05:49:51.893+0000][0.507s] GC(0) Humongous regions: 0->0
[2025-01-17T05:49:51.893+0000][0.507s] GC(0) Metaspace: 9796K(10048K)->9796K(10048K) NonClass: 8588K(8704K)->8588K(8704K) Class: 1207K(1344K)->1207K(1344K)
[2025-01-17T05:49:51.893+0000][0.507s] GC(0) Pause Young (Normal) (G1 Evacuation Pause) 29M->5M(512M) 2.519ms
[2025-01-17T05:49:51.893+0000][0.507s] GC(0) User=0.01s Sys=0.00s Real=0.00s
[2025-01-17T05:49:52.253+0000][0.867s] GC(1) Pause Young (Normal) (G1 Evacuation Pause)
[2025-01-17T05:49:52.257+0000][0.870s] GC(1) Using 8 workers of 8 for evacuation
[2025-01-17T05:49:52.264+0000][0.878s] GC(1)   Pre Evacuate Collection Set: 0.1ms
[2025-01-17T05:49:52.265+0000][0.878s] GC(1)   Merge Heap Roots: 0.1ms
[2025-01-17T05:49:52.265+0000][0.878s] GC(1)   Evacuate Collection Set: 6.9ms
[2025-01-17T05:49:52.265+0000][0.878s] GC(1)   Post Evacuate Collection Set: 0.4ms
[2025-01-17T05:49:52.265+0000][0.879s] GC(1)   Other: 3.5ms
[2025-01-17T05:49:52.265+0000][0.879s] GC(1) Eden regions: 57->0(75)
[2025-01-17T05:49:52.265+0000][0.879s] GC(1) Survivor regions: 4->8(8)
[2025-01-17T05:49:52.265+0000][0.879s] GC(1) Old regions: 1->7
[2025-01-17T05:49:52.265+0000][0.879s] GC(1) Archive regions: 2->2
[2025-01-17T05:49:52.266+0000][0.879s] GC(1) Humongous regions: 4->4
[2025-01-17T05:49:52.266+0000][0.879s] GC(1) Metaspace: 17698K(17984K)->17698K(17984K) NonClass: 15504K(15680K)->15504K(15680K) Class: 2194K(2304K)->2194K(2304K)
[2025-01-17T05:49:52.266+0000][0.879s] GC(1) Pause Young (Normal) (G1 Evacuation Pause) 66M->19M(512M) 12.176ms
[2025-01-17T05:49:52.266+0000][0.879s] GC(1) User=0.05s Sys=0.00s Real=0.02s
[2025-01-17T05:49:52.544+0000][1.157s] GC(2) Pause Young (Normal) (G1 Evacuation Pause)
[2025-01-17T05:49:52.544+0000][1.158s] GC(2) Using 8 workers of 8 for evacuation
[2025-01-17T05:49:52.548+0000][1.161s] GC(2)   Pre Evacuate Collection Set: 0.1ms
[2025-01-17T05:49:52.548+0000][1.161s] GC(2)   Merge Heap Roots: 0.0ms
[2025-01-17T05:49:52.548+0000][1.161s] GC(2)   Evacuate Collection Set: 3.0ms
[2025-01-17T05:49:52.548+0000][1.161s] GC(2)   Post Evacuate Collection Set: 0.4ms
[2025-01-17T05:49:52.548+0000][1.161s] GC(2)   Other: 0.4ms
[2025-01-17T05:49:52.548+0000][1.162s] GC(2) Eden regions: 75->0(123)
[2025-01-17T05:49:52.548+0000][1.162s] GC(2) Survivor regions: 8->10(11)
[2025-01-17T05:49:52.548+0000][1.162s] GC(2) Old regions: 7->11
[2025-01-17T05:49:52.548+0000][1.162s] GC(2) Archive regions: 2->2
[2025-01-17T05:49:52.548+0000][1.162s] GC(2) Humongous regions: 5->4
[2025-01-17T05:49:52.548+0000][1.162s] GC(2) Metaspace: 21181K(21504K)->21181K(21504K) NonClass: 18568K(18752K)->18568K(18752K) Class: 2612K(2752K)->2612K(2752K)
[2025-01-17T05:49:52.548+0000][1.162s] GC(2) Pause Young (Normal) (G1 Evacuation Pause) 95M->24M(512M) 4.351ms
[2025-01-17T05:49:52.548+0000][1.162s] GC(2) User=0.02s Sys=0.00s Real=0.00s
[2025-01-17T05:49:52.553+0000][1.166s] GC(3) Pause Young (Concurrent Start) (Metadata GC Threshold)
[2025-01-17T05:49:52.553+0000][1.166s] GC(3) Using 8 workers of 8 for evacuation
[2025-01-17T05:49:52.555+0000][1.169s] GC(3)   Pre Evacuate Collection Set: 0.1ms
[2025-01-17T05:49:52.556+0000][1.169s] GC(3)   Merge Heap Roots: 0.0ms
[2025-01-17T05:49:52.556+0000][1.169s] GC(3)   Evacuate Collection Set: 2.1ms
[2025-01-17T05:49:52.556+0000][1.169s] GC(3)   Post Evacuate Collection Set: 0.2ms
[2025-01-17T05:49:52.556+0000][1.169s] GC(3)   Other: 0.3ms
[2025-01-17T05:49:52.556+0000][1.169s] GC(3) Eden regions: 1->0(207)
[2025-01-17T05:49:52.556+0000][1.169s] GC(3) Survivor regions: 10->6(17)
[2025-01-17T05:49:52.556+0000][1.169s] GC(3) Old regions: 11->15
[2025-01-17T05:49:52.556+0000][1.169s] GC(3) Archive regions: 2->2
[2025-01-17T05:49:52.556+0000][1.169s] GC(3) Humongous regions: 4->4
[2025-01-17T05:49:52.556+0000][1.169s] GC(3) Metaspace: 21261K(21504K)->21261K(21504K) NonClass: 18629K(18752K)->18629K(18752K) Class: 2631K(2752K)->2631K(2752K)
[2025-01-17T05:49:52.556+0000][1.170s] GC(3) Pause Young (Concurrent Start) (Metadata GC Threshold) 25M->24M(512M) 3.311ms
[2025-01-17T05:49:52.556+0000][1.170s] GC(3) User=0.01s Sys=0.00s Real=0.01s
[2025-01-17T05:49:52.556+0000][1.170s] GC(4) Concurrent Mark Cycle
[2025-01-17T05:49:52.556+0000][1.170s] GC(4) Concurrent Clear Claimed Marks
[2025-01-17T05:49:52.556+0000][1.170s] GC(4) Concurrent Clear Claimed Marks 0.075ms
[2025-01-17T05:49:52.556+0000][1.170s] GC(4) Concurrent Scan Root Regions
[2025-01-17T05:49:52.558+0000][1.172s] GC(4) Concurrent Scan Root Regions 1.614ms
[2025-01-17T05:49:52.558+0000][1.172s] GC(4) Concurrent Mark
[2025-01-17T05:49:52.558+0000][1.172s] GC(4) Concurrent Mark From Roots
[2025-01-17T05:49:52.558+0000][1.172s] GC(4) Using 2 workers of 2 for marking
[2025-01-17T05:49:52.565+0000][1.178s] GC(4) Concurrent Mark From Roots 6.557ms
[2025-01-17T05:49:52.565+0000][1.178s] GC(4) Concurrent Preclean
[2025-01-17T05:49:52.565+0000][1.179s] GC(4) Concurrent Preclean 0.162ms
[2025-01-17T05:49:52.566+0000][1.179s] GC(4) Pause Remark
[2025-01-17T05:49:52.567+0000][1.180s] GC(4) Pause Remark 26M->26M(512M) 1.278ms
[2025-01-17T05:49:52.567+0000][1.181s] GC(4) User=0.00s Sys=0.00s Real=0.00s
[2025-01-17T05:49:52.567+0000][1.181s] GC(4) Concurrent Mark 8.996ms
[2025-01-17T05:49:52.567+0000][1.181s] GC(4) Concurrent Rebuild Remembered Sets
[2025-01-17T05:49:52.571+0000][1.185s] GC(4) Concurrent Rebuild Remembered Sets 3.929ms
[2025-01-17T05:49:52.572+0000][1.185s] GC(4) Pause Cleanup
[2025-01-17T05:49:52.572+0000][1.185s] GC(4) Pause Cleanup 26M->26M(512M) 0.189ms
[2025-01-17T05:49:52.572+0000][1.185s] GC(4) User=0.00s Sys=0.00s Real=0.00s
[2025-01-17T05:49:52.572+0000][1.186s] GC(4) Concurrent Cleanup for Next Mark
[2025-01-17T05:49:52.573+0000][1.186s] GC(4) Concurrent Cleanup for Next Mark 0.487ms
[2025-01-17T05:49:52.573+0000][1.186s] GC(4) Concurrent Mark Cycle 16.493ms
[2025-01-17T05:49:53.414+0000][2.027s] GC(5) Pause Young (Prepare Mixed) (Metadata GC Threshold)
[2025-01-17T05:49:53.414+0000][2.027s] GC(5) Using 8 workers of 8 for evacuation
[2025-01-17T05:49:53.418+0000][2.032s] GC(5)   Pre Evacuate Collection Set: 0.3ms
[2025-01-17T05:49:53.419+0000][2.032s] GC(5)   Merge Heap Roots: 0.1ms
[2025-01-17T05:49:53.419+0000][2.032s] GC(5)   Evacuate Collection Set: 3.5ms
[2025-01-17T05:49:53.419+0000][2.032s] GC(5)   Post Evacuate Collection Set: 0.5ms
[2025-01-17T05:49:53.419+0000][2.032s] GC(5)   Other: 0.5ms
[2025-01-17T05:49:53.419+0000][2.032s] GC(5) Eden regions: 98->0(13)
[2025-01-17T05:49:53.419+0000][2.032s] GC(5) Survivor regions: 6->12(29)
[2025-01-17T05:49:53.419+0000][2.032s] GC(5) Old regions: 15->15
[2025-01-17T05:49:53.419+0000][2.032s] GC(5) Archive regions: 2->2
[2025-01-17T05:49:53.419+0000][2.032s] GC(5) Humongous regions: 4->4
[2025-01-17T05:49:53.419+0000][2.032s] GC(5) Metaspace: 35772K(36160K)->35772K(36160K) NonClass: 31305K(31488K)->31305K(31488K) Class: 4466K(4672K)->4466K(4672K)
[2025-01-17T05:49:53.419+0000][2.032s] GC(5) Pause Young (Prepare Mixed) (Metadata GC Threshold) 122M->30M(512M) 5.284ms
[2025-01-17T05:49:53.419+0000][2.032s] GC(5) User=0.03s Sys=0.00s Real=0.01s
[2025-01-17T05:49:53.432+0000][2.046s] GC(6) Pause Young (Mixed) (Metadata GC Threshold)
[2025-01-17T05:49:53.432+0000][2.046s] GC(6) Using 8 workers of 8 for evacuation
[2025-01-17T05:49:53.438+0000][2.051s] GC(6)   Pre Evacuate Collection Set: 0.1ms
[2025-01-17T05:49:53.438+0000][2.052s] GC(6)   Merge Heap Roots: 0.0ms
[2025-01-17T05:49:53.438+0000][2.052s] GC(6)   Evacuate Collection Set: 4.2ms
[2025-01-17T05:49:53.438+0000][2.052s] GC(6)   Post Evacuate Collection Set: 0.4ms
[2025-01-17T05:49:53.438+0000][2.052s] GC(6)   Other: 1.0ms
[2025-01-17T05:49:53.438+0000][2.052s] GC(6) Eden regions: 3->0(306)
[2025-01-17T05:49:53.438+0000][2.052s] GC(6) Survivor regions: 12->1(4)
[2025-01-17T05:49:53.438+0000][2.052s] GC(6) Old regions: 15->25
[2025-01-17T05:49:53.438+0000][2.052s] GC(6) Archive regions: 2->2
[2025-01-17T05:49:53.438+0000][2.052s] GC(6) Humongous regions: 4->4
[2025-01-17T05:49:53.439+0000][2.052s] GC(6) Metaspace: 36124K(36480K)->36124K(36480K) NonClass: 31605K(31808K)->31605K(31808K) Class: 4518K(4672K)->4518K(4672K)
[2025-01-17T05:49:53.439+0000][2.052s] GC(6) Pause Young (Mixed) (Metadata GC Threshold) 32M->30M(512M) 6.388ms
[2025-01-17T05:49:53.439+0000][2.052s] GC(6) User=0.03s Sys=0.00s Real=0.01s
[2025-01-17T05:49:53.454+0000][2.068s] GC(7) Pause Young (Concurrent Start) (Metadata GC Threshold)
[2025-01-17T05:49:53.456+0000][2.069s] GC(7) Using 8 workers of 8 for evacuation
[2025-01-17T05:49:53.458+0000][2.072s] GC(7)   Pre Evacuate Collection Set: 0.1ms
[2025-01-17T05:49:53.458+0000][2.072s] GC(7)   Merge Heap Roots: 0.0ms
[2025-01-17T05:49:53.458+0000][2.072s] GC(7)   Evacuate Collection Set: 1.9ms
[2025-01-17T05:49:53.458+0000][2.072s] GC(7)   Post Evacuate Collection Set: 0.2ms
[2025-01-17T05:49:53.458+0000][2.072s] GC(7)   Other: 1.7ms
[2025-01-17T05:49:53.458+0000][2.072s] GC(7) Eden regions: 3->0(306)
[2025-01-17T05:49:53.459+0000][2.072s] GC(7) Survivor regions: 1->1(39)
[2025-01-17T05:49:53.459+0000][2.072s] GC(7) Old regions: 25->25
[2025-01-17T05:49:53.459+0000][2.072s] GC(7) Archive regions: 2->2
[2025-01-17T05:49:53.459+0000][2.072s] GC(7) Humongous regions: 4->4
[2025-01-17T05:49:53.459+0000][2.072s] GC(7) Metaspace: 36453K(36800K)->36453K(36800K) NonClass: 31901K(32064K)->31901K(32064K) Class: 4552K(4736K)->4552K(4736K)
[2025-01-17T05:49:53.459+0000][2.072s] GC(7) Pause Young (Concurrent Start) (Metadata GC Threshold) 33M->30M(512M) 4.658ms
[2025-01-17T05:49:53.459+0000][2.072s] GC(7) User=0.02s Sys=0.00s Real=0.00s
[2025-01-17T05:49:53.459+0000][2.072s] GC(8) Concurrent Mark Cycle
[2025-01-17T05:49:53.459+0000][2.073s] GC(8) Concurrent Clear Claimed Marks
[2025-01-17T05:49:53.461+0000][2.075s] GC(8) Concurrent Clear Claimed Marks 2.331ms
[2025-01-17T05:49:53.462+0000][2.075s] GC(8) Concurrent Scan Root Regions
[2025-01-17T05:49:53.463+0000][2.076s] GC(8) Concurrent Scan Root Regions 0.916ms
[2025-01-17T05:49:53.466+0000][2.079s] GC(8) Concurrent Mark
[2025-01-17T05:49:53.466+0000][2.079s] GC(8) Concurrent Mark From Roots
[2025-01-17T05:49:53.466+0000][2.079s] GC(8) Using 2 workers of 2 for marking
[2025-01-17T05:49:53.489+0000][2.103s] GC(8) Concurrent Mark From Roots 23.266ms
[2025-01-17T05:49:53.489+0000][2.103s] GC(8) Concurrent Preclean
[2025-01-17T05:49:53.490+0000][2.104s] GC(8) Concurrent Preclean 0.697ms
[2025-01-17T05:49:53.493+0000][2.106s] GC(8) Pause Remark
[2025-01-17T05:49:53.495+0000][2.108s] GC(8) Pause Remark 34M->34M(512M) 2.154ms
[2025-01-17T05:49:53.495+0000][2.108s] GC(8) User=0.01s Sys=0.00s Real=0.01s
[2025-01-17T05:49:53.495+0000][2.109s] GC(8) Concurrent Mark 29.249ms
[2025-01-17T05:49:53.498+0000][2.112s] GC(8) Concurrent Rebuild Remembered Sets
[2025-01-17T05:49:53.507+0000][2.120s] GC(8) Concurrent Rebuild Remembered Sets 8.593ms
[2025-01-17T05:49:53.508+0000][2.121s] GC(8) Pause Cleanup
[2025-01-17T05:49:53.508+0000][2.121s] GC(8) Pause Cleanup 36M->36M(512M) 0.215ms
[2025-01-17T05:49:53.508+0000][2.122s] GC(8) User=0.00s Sys=0.00s Real=0.00s
[2025-01-17T05:49:53.508+0000][2.122s] GC(8) Concurrent Cleanup for Next Mark
[2025-01-17T05:49:53.509+0000][2.123s] GC(8) Concurrent Cleanup for Next Mark 1.053ms
[2025-01-17T05:49:53.509+0000][2.123s] GC(8) Concurrent Mark Cycle 50.368ms
[2025-01-17T05:53:26.059+0000][214.673s] Heap
[2025-01-17T05:53:26.060+0000][214.673s]  garbage-first heap   total 524288K, used 229152K [0x00000000e0000000, 0x0000000100000000)
[2025-01-17T05:53:26.060+0000][214.673s]   region size 1024K, 195 young (199680K), 1 survivors (1024K)
[2025-01-17T05:53:26.060+0000][214.673s]  Metaspace       used 53329K, committed 53824K, reserved 1114112K
[2025-01-17T05:53:26.060+0000][214.673s]   class space    used 6866K, committed 7104K, reserved 1048576K
